05-billing-profile with-skill.3 exit=1 seconds=53 error=none
06-payout-fee without-skill.5 exit=1 seconds=7 error=none
01-idempotent-charge without-skill.5 exit=1 seconds=3 error=none
02-circuit-breaker with-skill.1 exit=1 seconds=2 error=none
06-payout-fee with-skill.1 exit=1 seconds=2 error=none
05-billing-profile without-skill.1 exit=1 seconds=2 error=none
05-billing-profile without-skill.2 exit=1 seconds=2 error=none
01-idempotent-charge with-skill.1 exit=1 seconds=3 error=none
06-payout-fee without-skill.2 exit=1 seconds=3 error=none
04-refund-validation with-skill.3 exit=1 seconds=2 error=none
01-idempotent-charge without-skill.2 exit=1 seconds=2 error=none
03-payment-persistence with-skill.3 exit=1 seconds=3 error=none
02-circuit-breaker without-skill.5 exit=1 seconds=3 error=none
05-billing-profile with-skill.5 exit=1 seconds=2 error=none
06-payout-fee with-skill.4 exit=1 seconds=2 error=none
06-payout-fee with-skill.2 exit=1 seconds=2 error=none
04-refund-validation without-skill.4 exit=1 seconds=2 error=none
01-idempotent-charge with-skill.3 exit=1 seconds=3 error=none
03-payment-persistence without-skill.2 exit=1 seconds=3 error=none
06-payout-fee without-skill.3 exit=1 seconds=2 error=none
05-billing-profile with-skill.4 exit=1 seconds=2 error=none
02-circuit-breaker with-skill.3 exit=1 seconds=2 error=none
04-refund-validation with-skill.5 exit=1 seconds=3 error=none
04-refund-validation without-skill.1 exit=1 seconds=4 error=none
04-refund-validation without-skill.5 exit=1 seconds=3 error=none
04-refund-validation without-skill.3 exit=1 seconds=3 error=none
06-payout-fee without-skill.4 exit=1 seconds=4 error=none
04-refund-validation with-skill.1 exit=1 seconds=3 error=none
03-payment-persistence with-skill.4 exit=1 seconds=217 error=none
