02-circuit-breaker with-skill.5 exit=0 seconds=50 error=none
01-idempotent-charge without-skill.1 exit=0 seconds=18 error=none
03-payment-persistence without-skill.4 exit=0 seconds=71 error=none
04-refund-validation with-skill.4 exit=0 seconds=67 error=none
01-idempotent-charge without-skill.4 exit=0 seconds=41 error=none
01-idempotent-charge without-skill.3 exit=0 seconds=21 error=none
03-payment-persistence with-skill.5 exit=0 seconds=214 error=none
02-circuit-breaker without-skill.2 exit=0 seconds=24 error=none
05-billing-profile without-skill.5 exit=0 seconds=24 error=none
04-refund-validation with-skill.2 exit=0 seconds=195 error=none
05-billing-profile without-skill.4 exit=0 seconds=25 error=none
02-circuit-breaker with-skill.2 exit=0 seconds=52 error=none
04-refund-validation without-skill.2 exit=0 seconds=30 error=none
03-payment-persistence without-skill.1 exit=0 seconds=59 error=none
01-idempotent-charge with-skill.5 exit=0 seconds=51 error=none
02-circuit-breaker with-skill.4 exit=0 seconds=37 error=none
02-circuit-breaker without-skill.1 exit=0 seconds=26 error=none
03-payment-persistence without-skill.3 exit=0 seconds=126 error=none
06-payout-fee with-skill.5 exit=0 seconds=254 error=none
05-billing-profile with-skill.2 exit=0 seconds=60 error=none
02-circuit-breaker without-skill.4 exit=0 seconds=20 error=none
03-payment-persistence with-skill.2 exit=0 seconds=493 error=none
03-payment-persistence with-skill.1 exit=0 seconds=350 error=none
05-billing-profile without-skill.3 exit=0 seconds=18 error=none
06-payout-fee with-skill.3 exit=0 seconds=102 error=none
06-payout-fee without-skill.1 exit=0 seconds=32 error=none
03-payment-persistence without-skill.5 exit=0 seconds=57 error=none
02-circuit-breaker without-skill.3 exit=0 seconds=25 error=none
01-idempotent-charge with-skill.4 exit=0 seconds=45 error=none
01-idempotent-charge with-skill.2 exit=0 seconds=114 error=none
05-billing-profile with-skill.1 exit=0 seconds=42 error=none
01-idempotent-charge with-skill.3 exit=0 seconds=47 error=none
03-payment-persistence without-skill.2 exit=0 seconds=61 error=none
04-refund-validation with-skill.1 exit=0 seconds=77 error=none
04-refund-validation without-skill.1 exit=0 seconds=40 error=none
02-circuit-breaker without-skill.5 exit=0 seconds=24 error=none
05-billing-profile with-skill.4 exit=0 seconds=72 error=none
06-payout-fee with-skill.4 exit=0 seconds=107 error=none
04-refund-validation without-skill.5 exit=0 seconds=38 error=none
05-billing-profile without-skill.2 exit=0 seconds=42 error=none
02-circuit-breaker with-skill.1 exit=0 seconds=62 error=none
05-billing-profile without-skill.1 exit=0 seconds=26 error=none
05-billing-profile with-skill.5 exit=0 seconds=55 error=none
04-refund-validation without-skill.4 exit=0 seconds=23 error=none
06-payout-fee without-skill.4 exit=0 seconds=68 error=none
03-payment-persistence with-skill.3 exit=0 seconds=310 error=none
01-idempotent-charge without-skill.2 exit=0 seconds=39 error=none
04-refund-validation with-skill.5 exit=0 seconds=94 error=none
05-billing-profile with-skill.3 exit=0 seconds=86 error=none
02-circuit-breaker with-skill.3 exit=0 seconds=34 error=none
06-payout-fee without-skill.3 exit=0 seconds=30 error=none
04-refund-validation with-skill.3 exit=0 seconds=88 error=none
06-payout-fee without-skill.2 exit=0 seconds=18 error=none
06-payout-fee with-skill.2 exit=0 seconds=181 error=none
04-refund-validation without-skill.3 exit=0 seconds=30 error=none
01-idempotent-charge with-skill.1 exit=0 seconds=50 error=none
06-payout-fee with-skill.1 exit=0 seconds=70 error=none
06-payout-fee without-skill.5 exit=0 seconds=20 error=none
01-idempotent-charge without-skill.5 exit=0 seconds=32 error=none
03-payment-persistence with-skill.4 exit=0 seconds=156 error=none
