09-ledger-ordering without-skill.2 exit=0 seconds=38 error=none
09-ledger-ordering without-skill.1 exit=0 seconds=52 error=none
08-role-resolution with-skill.8 exit=0 seconds=64 error=none
09-ledger-ordering without-skill.7 exit=0 seconds=26 error=none
07-cashback without-skill.4 exit=0 seconds=18 error=none
07-cashback without-skill.5 exit=0 seconds=28 error=none
09-ledger-ordering with-skill.5 exit=0 seconds=100 error=none
07-cashback with-skill.10 exit=0 seconds=92 error=none
07-cashback with-skill.2 exit=0 seconds=56 error=none
08-role-resolution with-skill.1 exit=0 seconds=52 error=none
08-role-resolution without-skill.10 exit=0 seconds=19 error=none
08-role-resolution without-skill.8 exit=0 seconds=21 error=none
07-cashback without-skill.10 exit=0 seconds=22 error=none
09-ledger-ordering without-skill.10 exit=0 seconds=28 error=none
07-cashback without-skill.9 exit=0 seconds=19 error=none
09-ledger-ordering with-skill.10 exit=0 seconds=41 error=none
09-ledger-ordering with-skill.4 exit=0 seconds=107 error=none
08-role-resolution without-skill.7 exit=0 seconds=28 error=none
09-ledger-ordering without-skill.9 exit=0 seconds=40 error=none
07-cashback without-skill.2 exit=0 seconds=23 error=none
08-role-resolution with-skill.6 exit=0 seconds=42 error=none
09-ledger-ordering with-skill.1 exit=0 seconds=85 error=none
08-role-resolution without-skill.3 exit=0 seconds=24 error=none
09-ledger-ordering with-skill.6 exit=0 seconds=92 error=none
08-role-resolution with-skill.7 exit=0 seconds=58 error=none
08-role-resolution without-skill.2 exit=0 seconds=20 error=none
07-cashback with-skill.8 exit=0 seconds=99 error=none
09-ledger-ordering without-skill.4 exit=0 seconds=38 error=none
07-cashback with-skill.9 exit=0 seconds=69 error=none
09-ledger-ordering with-skill.3 exit=0 seconds=99 error=none
07-cashback with-skill.4 exit=0 seconds=109 error=none
09-ledger-ordering with-skill.2 exit=0 seconds=46 error=none
08-role-resolution without-skill.1 exit=0 seconds=20 error=none
09-ledger-ordering without-skill.6 exit=0 seconds=26 error=none
09-ledger-ordering with-skill.7 exit=0 seconds=73 error=none
08-role-resolution with-skill.2 exit=0 seconds=86 error=none
08-role-resolution with-skill.10 exit=0 seconds=58 error=none
08-role-resolution with-skill.9 exit=0 seconds=64 error=none
09-ledger-ordering without-skill.5 exit=0 seconds=29 error=none
08-role-resolution without-skill.5 exit=0 seconds=22 error=none
07-cashback without-skill.8 exit=0 seconds=26 error=none
09-ledger-ordering with-skill.9 exit=0 seconds=53 error=none
08-role-resolution without-skill.9 exit=0 seconds=23 error=none
07-cashback without-skill.3 exit=0 seconds=37 error=none
07-cashback with-skill.5 exit=0 seconds=98 error=none
09-ledger-ordering without-skill.8 exit=0 seconds=34 error=none
08-role-resolution with-skill.3 exit=0 seconds=74 error=none
07-cashback with-skill.3 exit=0 seconds=100 error=none
08-role-resolution without-skill.6 exit=0 seconds=26 error=none
07-cashback without-skill.7 exit=0 seconds=19 error=none
08-role-resolution without-skill.4 exit=0 seconds=23 error=none
07-cashback with-skill.7 exit=0 seconds=89 error=none
08-role-resolution with-skill.4 exit=0 seconds=63 error=none
07-cashback with-skill.1 exit=0 seconds=91 error=none
07-cashback without-skill.6 exit=0 seconds=35 error=none
07-cashback without-skill.1 exit=0 seconds=41 error=none
09-ledger-ordering without-skill.3 exit=0 seconds=21 error=none
07-cashback with-skill.6 exit=0 seconds=77 error=none
09-ledger-ordering with-skill.8 exit=0 seconds=574 error=none
08-role-resolution with-skill.5 exit=0 seconds=614 error=none
